<html>
<body>
<pre>
<h1>µVision Build Log</h1>
<h2>Tool Versions:</h2>
IDE-Version: ¦ÌVision V5.29.0.0
Copyright (C) 2019 ARM Ltd and ARM Germany GmbH. All rights reserved.
License Information: a dazhi, a, LIC=MPPLD-8BHAP-MM39I-T9HCN-B3KTV-P0M13
 
Tool Versions:
Toolchain:       MDK-ARM Plus  Version: 5.29.0.0
Toolchain Path:  C:\Keil_v5\ARM\ARMCC\Bin
C Compiler:      Armcc.exe V5.06 update 6 (build 750)
Assembler:       Armasm.exe V5.06 update 6 (build 750)
Linker/Locator:  ArmLink.exe V5.06 update 6 (build 750)
Library Manager: ArmAr.exe V5.06 update 6 (build 750)
Hex Converter:   FromElf.exe V5.06 update 6 (build 750)
CPU DLL:         SARMCM3.DLL V5.29.0.0
Dialog DLL:      DCM.DLL V1.17.3.0
Target DLL:      STLink\ST-LINKIII-KEIL_SWO.dll V3.0.7.0
Dialog DLL:      TCM.DLL V1.36.5.0
 
<h2>Project:</h2>
D:\user\zhi\Desktop\21414\gd32f103ret6\gd32.uvprojx
Project File Date:  04/24/2022

<h2>Output:</h2>
*** Using Compiler 'V5.06 update 6 (build 750)', folder: 'C:\Keil_v5\ARM\ARMCC\Bin'
Build target 'Target 1'
compiling main.c...
compiling uart.c...
linking...
Program Size: Code=4140 RO-data=388 RW-data=52 ZI-data=8252  
".\Objects\gd32.axf" - 0 Error(s), 0 Warning(s).

<h2>Software Packages used:</h2>

Package Vendor: ARM
                http://www.keil.com/pack/ARM.CMSIS.5.6.0.pack
                ARM.CMSIS.5.6.0
                CMSIS (Cortex Microcontroller Software Interface Standard)
   * Component: CORE Version: 5.3.0

Package Vendor: GigaDevice
                http://www.keil.com/pack/GigaDevice.GD32F10x_DFP.2.0.1.pack
                GigaDevice.GD32F10x_DFP.2.0.1
                GigaDevice GD32F10x Series Device Support and Examples
   * Component: EXTI Version: 2.0.1
   * Component: GPIO Version: 2.0.1
   * Component: MISC Version: 2.0.1
   * Component: PMU Version: 2.0.1
   * Component: RCU Version: 2.0.1
   * Component: USART Version: 2.0.1
   * Component: GD32F10x_libopt Version: 2.0.1
   * Component: Startup Version: 2.0.1

<h2>Collection of Component include folders:</h2>
  .\RTE\_Target_1
  C:\Users\dazhi\AppData\Local\Arm\Packs\ARM\CMSIS\5.6.0\CMSIS\Core\Include
  C:\Users\dazhi\AppData\Local\Arm\Packs\GigaDevice\GD32F10x_DFP\2.0.1\Device\Firmware\Peripherals\inc
  C:\Users\dazhi\AppData\Local\Arm\Packs\GigaDevice\GD32F10x_DFP\2.0.1\Device\Include

<h2>Collection of Component Files used:</h2>

   * Component: ARM::CMSIS:CORE:5.3.0

   * Component: GigaDevice::Device:GD32F10x_StdPeripherals:EXTI:2.0.1
      Include file:  Device\Firmware\Peripherals\inc\gd32f10x_exti.h
      Source file:   Device\Firmware\Peripherals\src\gd32f10x_exti.c

   * Component: GigaDevice::Device:GD32F10x_StdPeripherals:GPIO:2.0.1
      Include file:  Device\Firmware\Peripherals\inc\gd32f10x_gpio.h
      Source file:   Device\Firmware\Peripherals\src\gd32f10x_gpio.c

   * Component: GigaDevice::Device:GD32F10x_StdPeripherals:MISC:2.0.1
      Include file:  Device\Firmware\Peripherals\inc\gd32f10x_misc.h
      Source file:   Device\Firmware\Peripherals\src\gd32f10x_misc.c

   * Component: GigaDevice::Device:GD32F10x_StdPeripherals:PMU:2.0.1
      Include file:  Device\Firmware\Peripherals\inc\gd32f10x_pmu.h
      Source file:   Device\Firmware\Peripherals\src\gd32f10x_pmu.c

   * Component: GigaDevice::Device:GD32F10x_StdPeripherals:RCU:2.0.1
      Include file:  Device\Firmware\Peripherals\inc\gd32f10x_rcu.h
      Source file:   Device\Firmware\Peripherals\src\gd32f10x_rcu.c

   * Component: GigaDevice::Device:GD32F10x_StdPeripherals:USART:2.0.1
      Source file:   Device\Firmware\Peripherals\src\gd32f10x_usart.c
      Include file:  Device\Firmware\Peripherals\inc\gd32f10x_usart.h

   * Component: GigaDevice::Device:GD32F10x_libopt:2.0.1
      Include file:  Device\Include\gd32f10x_libopt.h

   * Component: GigaDevice::Device:Startup:2.0.1
      Source file:   Device\Source\system_gd32f10x.c
      Include file:  Device\Include\gd32f10x.h
      Source file:   Device\Source\ARM\startup_gd32f10x_hd.s
Build Time Elapsed:  00:00:00
</pre>
</body>
</html>
